
[1m[46m RUN [49m[22m [36mv4.0.16 [39m[90mC:/Games/sumo-sim[39m

 [32m✓[39m src/features/banzuke/logic/banzuke.test.ts [2m([22m[2m4 tests[22m[2m)[22m[32m 4[2mms[22m[39m
[90mstdout[2m | src/features/match/logic/matchmaker/MatchMaker.test.ts[2m > [22m[2mMatchMaker Logic[2m > [22m[2mshould give advantage to Attribute counters (Case D)
[22m[39m[DEBUG] A:Body vs B:Technique -> Adv:East Mult:1.15
[DEBUG] ForceA:66.66666666666667 ForceB:66.66666666666667
[DEBUG] Adjusted ForceA:76.66666666666667 ForceB:66.66666666666667
Body vs Tech Prob: 0.5348837209302325

[90mstdout[2m | src/features/match/logic/matchmaker/MatchMaker.test.ts[2m > [22m[2mMatchMaker Logic[2m > [22m[2mshould give advantage to Technique over Mind
[22m[39m[DEBUG] A:Technique vs B:Mind -> Adv:East Mult:1.15
[DEBUG] ForceA:66.66666666666667 ForceB:66.66666666666667
[DEBUG] Adjusted ForceA:76.66666666666667 ForceB:66.66666666666667

[90mstdout[2m | src/features/match/logic/matchmaker/MatchMaker.test.ts[2m > [22m[2mMatchMaker Logic[2m > [22m[2mshould give advantage to Mind over Body
[22m[39m[DEBUG] A:Mind vs B:Body -> Adv:East Mult:1.15
[DEBUG] ForceA:66.66666666666667 ForceB:66.66666666666667
[DEBUG] Adjusted ForceA:76.66666666666667 ForceB:66.66666666666667

 [32m✓[39m src/features/match/logic/matchmaker/MatchMaker.test.ts [2m([22m[2m3 tests[22m[2m)[22m[32m 4[2mms[22m[39m

[2m Test Files [22m [1m[32m2 passed[39m[22m[90m (2)[39m
[2m      Tests [22m [1m[32m7 passed[39m[22m[90m (7)[39m
[2m   Start at [22m 17:14:56
[2m   Duration [22m 1.30s[2m (transform 181ms, setup 0ms, import 222ms, tests 8ms, environment 1.90s)[22m

